
> task-tracker@1.0.0 test
> jest --verbose --forceExit

  console.log
      Γ£à POST /api/goals ΓåÆ 201 (12ms)

      at ServerResponse.log (server.js:54:17)

  console.log
      ΓÜá∩╕Å POST /api/goals ΓåÆ 400 (2ms)

      at ServerResponse.log (server.js:54:17)

  console.log
      ΓÜá∩╕Å POST /api/goals ΓåÆ 400 (1ms)

      at ServerResponse.log (server.js:54:17)

  console.log
      Γ£à POST /api/goals ΓåÆ 201 (2ms)

      at ServerResponse.log (server.js:54:17)

  console.log
      Γ£à POST /api/goals ΓåÆ 201 (2ms)

      at ServerResponse.log (server.js:54:17)

  console.log
      Γ£à GET /api/goals ΓåÆ 200 (1ms)

      at ServerResponse.log (server.js:54:17)

  console.log
      Γ£à POST /api/goals ΓåÆ 201 (2ms)

      at ServerResponse.log (server.js:54:17)

  console.log
      Γ£à GET /api/goals/36fc7a4b-66d6-4ac4-9f08-d90b9658da3e ΓåÆ 200 (0ms)

      at ServerResponse.log (server.js:54:17)

  console.log
      ΓÜá∩╕Å GET /api/goals/nonexistent-id ΓåÆ 404 (2ms)

      at ServerResponse.log (server.js:54:17)

  console.log
      Γ£à POST /api/goals ΓåÆ 201 (2ms)

      at ServerResponse.log (server.js:54:17)

  console.log
      Γ£à PUT /api/goals/3d89f48f-0b25-499d-bb61-0dfbf2e57bdf ΓåÆ 200 (12ms)

      at ServerResponse.log (server.js:54:17)

  console.log
      ΓÜá∩╕Å PUT /api/goals/fake-id ΓåÆ 404 (2ms)

      at ServerResponse.log (server.js:54:17)

  console.log
      Γ£à POST /api/goals ΓåÆ 201 (3ms)

      at ServerResponse.log (server.js:54:17)

  console.log
      Γ£à DELETE /api/goals/e241ae92-7b26-4473-b112-a725b39d8a92 ΓåÆ 204 (3ms)

      at ServerResponse.log (server.js:54:17)

  console.log
      Γ£à GET /api/goals ΓåÆ 200 (1ms)

      at ServerResponse.log (server.js:54:17)

  console.log
      ΓÜá∩╕Å DELETE /api/goals/nonexistent ΓåÆ 404 (1ms)

      at ServerResponse.log (server.js:54:17)

  console.log
      Γ£à POST /api/goals ΓåÆ 201 (3ms)

      at ServerResponse.log (server.js:54:17)

  console.log
      Γ£à POST /api/goals/3c247860-7c48-4b36-be5b-8cf7da886c88/tasks ΓåÆ 201 (4ms)

      at ServerResponse.log (server.js:54:17)

  console.log
      Γ£à POST /api/goals ΓåÆ 201 (3ms)

      at ServerResponse.log (server.js:54:17)

  console.log
      ΓÜá∩╕Å POST /api/goals/fbbba608-b091-45f4-8051-71a8fa2ea5b2/tasks ΓåÆ 400 (1ms)

      at ServerResponse.log (server.js:54:17)

  console.log
      Γ£à POST /api/goals ΓåÆ 201 (2ms)

      at ServerResponse.log (server.js:54:17)

  console.log
      ΓÜá∩╕Å POST /api/goals/fake-goal-id/tasks ΓåÆ 404 (1ms)

      at ServerResponse.log (server.js:54:17)

  console.log
      Γ£à POST /api/goals ΓåÆ 201 (3ms)

      at ServerResponse.log (server.js:54:17)

  console.log
      Γ£à POST /api/goals/471dd8cc-f9d6-4781-9eec-0e148afaf402/tasks ΓåÆ 201 (4ms)

      at ServerResponse.log (server.js:54:17)

  console.log
      Γ£à POST /api/goals ΓåÆ 201 (10ms)

      at ServerResponse.log (server.js:54:17)

  console.log
      Γ£à POST /api/goals/c90719ed-2ad1-48e3-9a92-8590ff2f1757/tasks ΓåÆ 201 (3ms)

      at ServerResponse.log (server.js:54:17)

  console.log
      Γ£à PUT /api/tasks/7ac03c9b-e813-45f5-a99a-55303bedaa90 ΓåÆ 200 (3ms)

      at ServerResponse.log (server.js:54:17)

  console.log
      Γ£à POST /api/goals ΓåÆ 201 (4ms)

      at ServerResponse.log (server.js:54:17)

  console.log
      Γ£à POST /api/goals/d92d57b2-c6e3-42c7-bf59-94ef39f224b4/tasks ΓåÆ 201 (3ms)

      at ServerResponse.log (server.js:54:17)

  console.log
      Γ£à PUT /api/tasks/0cee9f5e-3fe1-4b61-8e03-94a65eee5f96 ΓåÆ 200 (2ms)

      at ServerResponse.log (server.js:54:17)

  console.log
      Γ£à POST /api/goals ΓåÆ 201 (6ms)

      at ServerResponse.log (server.js:54:17)

  console.log
      Γ£à POST /api/goals/80578b4a-4f9f-442e-889c-10a442e32e9e/tasks ΓåÆ 201 (2ms)

      at ServerResponse.log (server.js:54:17)

  console.log
      Γ£à PUT /api/tasks/9799a278-8163-4ec5-a867-8189a041838f ΓåÆ 200 (3ms)

      at ServerResponse.log (server.js:54:17)

  console.log
      Γ£à PUT /api/tasks/9799a278-8163-4ec5-a867-8189a041838f ΓåÆ 200 (3ms)

      at ServerResponse.log (server.js:54:17)

  console.log
      Γ£à POST /api/goals ΓåÆ 201 (2ms)

      at ServerResponse.log (server.js:54:17)

  console.log
      Γ£à POST /api/goals/b885f6d2-4951-4157-b4d3-569fd7c8fbef/tasks ΓåÆ 201 (2ms)

      at ServerResponse.log (server.js:54:17)

  console.log
      ΓÜá∩╕Å PUT /api/tasks/9e6853b5-6d81-416c-be53-1de05bb1e86d ΓåÆ 400 (0ms)

      at ServerResponse.log (server.js:54:17)

  console.log
      Γ£à POST /api/goals ΓåÆ 201 (3ms)

      at ServerResponse.log (server.js:54:17)

  console.log
      ΓÜá∩╕Å PUT /api/tasks/no-such-task ΓåÆ 404 (0ms)

      at ServerResponse.log (server.js:54:17)

  console.log
      Γ£à POST /api/goals ΓåÆ 201 (2ms)

      at ServerResponse.log (server.js:54:17)

  console.log
      Γ£à POST /api/goals/462a32f3-d89a-45c8-880c-e9503e520d8c/tasks ΓåÆ 201 (3ms)

      at ServerResponse.log (server.js:54:17)

  console.log
      Γ£à DELETE /api/tasks/24bf2e85-ac17-4a84-ad51-cc3a83010b06 ΓåÆ 204 (3ms)

      at ServerResponse.log (server.js:54:17)

  console.log
      Γ£à GET /api/goals/462a32f3-d89a-45c8-880c-e9503e520d8c ΓåÆ 200 (0ms)

      at ServerResponse.log (server.js:54:17)

  console.log
      Γ£à POST /api/goals ΓåÆ 201 (4ms)

      at ServerResponse.log (server.js:54:17)

  console.log
      ΓÜá∩╕Å DELETE /api/tasks/nonexistent ΓåÆ 404 (1ms)

      at ServerResponse.log (server.js:54:17)

  console.log
      Γ£à POST /api/notes ΓåÆ 201 (3ms)

      at ServerResponse.log (server.js:54:17)

  console.log
      ΓÜá∩╕Å POST /api/notes ΓåÆ 400 (0ms)

      at ServerResponse.log (server.js:54:17)

  console.log
      Γ£à POST /api/notes ΓåÆ 201 (2ms)

      at ServerResponse.log (server.js:54:17)

  console.log
      Γ£à POST /api/notes ΓåÆ 201 (3ms)

      at ServerResponse.log (server.js:54:17)

  console.log
      Γ£à GET /api/notes ΓåÆ 200 (0ms)

      at ServerResponse.log (server.js:54:17)

  console.log
      Γ£à POST /api/notes ΓåÆ 201 (3ms)

      at ServerResponse.log (server.js:54:17)

  console.log
      Γ£à PUT /api/notes/3d4d35ca-dc17-44ac-8982-081f8219df46 ΓåÆ 200 (4ms)

      at ServerResponse.log (server.js:54:17)

  console.log
      Γ£à POST /api/notes ΓåÆ 201 (3ms)

      at ServerResponse.log (server.js:54:17)

  console.log
      Γ£à DELETE /api/notes/f38f663f-fab1-4330-bb9e-e559749ef713 ΓåÆ 204 (2ms)

      at ServerResponse.log (server.js:54:17)

  console.log
      Γ£à GET /api/notes ΓåÆ 200 (1ms)

      at ServerResponse.log (server.js:54:17)

  console.log
      ΓÜá∩╕Å DELETE /api/notes/nonexistent ΓåÆ 404 (1ms)

      at ServerResponse.log (server.js:54:17)

  console.log
      Γ£à POST /api/timer-sessions ΓåÆ 201 (2ms)

      at ServerResponse.log (server.js:54:17)

  console.log
      Γ£à POST /api/goals ΓåÆ 201 (2ms)

      at ServerResponse.log (server.js:54:17)

  console.log
      Γ£à POST /api/goals/ff42e47c-e1af-4d8e-aeb2-ddec310cb02d/tasks ΓåÆ 201 (3ms)

      at ServerResponse.log (server.js:54:17)

  console.log
      Γ£à POST /api/timer-sessions ΓåÆ 201 (4ms)

      at ServerResponse.log (server.js:54:17)

  console.log
      Γ£à GET /api/goals/ff42e47c-e1af-4d8e-aeb2-ddec310cb02d ΓåÆ 200 (1ms)

      at ServerResponse.log (server.js:54:17)

  console.log
      Γ£à POST /api/timer-sessions ΓåÆ 201 (3ms)

      at ServerResponse.log (server.js:54:17)

  console.log
      Γ£à POST /api/timer-sessions ΓåÆ 201 (3ms)

      at ServerResponse.log (server.js:54:17)

  console.log
      Γ£à GET /api/timer-sessions ΓåÆ 200 (1ms)

      at ServerResponse.log (server.js:54:17)

  console.log
      Γ£à GET /api/stats ΓåÆ 200 (6ms)

      at ServerResponse.log (server.js:54:17)

  console.log
      Γ£à POST /api/goals ΓåÆ 201 (2ms)

      at ServerResponse.log (server.js:54:17)

  console.log
      Γ£à POST /api/goals/6a23a953-0581-4c3f-a1c0-2c77596c3bb6/tasks ΓåÆ 201 (3ms)

      at ServerResponse.log (server.js:54:17)

  console.log
      Γ£à POST /api/goals/6a23a953-0581-4c3f-a1c0-2c77596c3bb6/tasks ΓåÆ 201 (2ms)

      at ServerResponse.log (server.js:54:17)

  console.log
      Γ£à POST /api/timer-sessions ΓåÆ 201 (2ms)

      at ServerResponse.log (server.js:54:17)

  console.log
      Γ£à GET /api/stats ΓåÆ 200 (5ms)

      at ServerResponse.log (server.js:54:17)

  console.log
      Γ£à GET /api/stats ΓåÆ 200 (4ms)

      at ServerResponse.log (server.js:54:17)

  console.log
      Γ£à POST /api/goals ΓåÆ 201 (2ms)

      at ServerResponse.log (server.js:54:17)

  console.log
      Γ£à POST /api/goals/f8a9dde2-5526-41d8-9809-e42e8ed7b5f4/tasks ΓåÆ 201 (3ms)

      at ServerResponse.log (server.js:54:17)

  console.log
      Γ£à GET /api/export/json ΓåÆ 200 (1ms)

      at ServerResponse.log (server.js:54:17)

  console.log
      Γ£à POST /api/goals ΓåÆ 201 (2ms)

      at ServerResponse.log (server.js:54:17)

  console.log
      Γ£à POST /api/goals/8b9d3641-5686-4668-bee8-f2ef294464a0/tasks ΓåÆ 201 (3ms)

      at ServerResponse.log (server.js:54:17)

  console.log
      Γ£à GET /api/export/csv ΓåÆ 200 (1ms)

      at ServerResponse.log (server.js:54:17)

  console.log
      Γ£à POST /api/goals ΓåÆ 201 (2ms)

      at ServerResponse.log (server.js:54:17)

  console.log
      Γ£à POST /api/goals/2fade3a3-4a7e-4c18-8505-92345cb279f4/tasks ΓåÆ 201 (2ms)

      at ServerResponse.log (server.js:54:17)

  console.log
      Γ£à GET /api/export/csv ΓåÆ 200 (1ms)

      at ServerResponse.log (server.js:54:17)

  console.log
      ΓÜá∩╕Å GET / ΓåÆ 404 (1ms)

      at ServerResponse.log (server.js:54:17)

  console.error
      Γ¥î Unhandled error: SyntaxError: Expected property name or '}' in JSON at position 2 (line 1 column 3)
        at JSON.parse (<anonymous>)
        at parse (C:\Users\moamm\OneDrive\Desktop\Test\task-tracker\node_modules\body-parser\lib\types\json.js:92:19)
        at C:\Users\moamm\OneDrive\Desktop\Test\task-tracker\node_modules\body-parser\lib\read.js:128:18
        at AsyncResource.runInAsyncScope (node:async_hooks:214:14)
        at invokeCallback (C:\Users\moamm\OneDrive\Desktop\Test\task-tracker\node_modules\raw-body\index.js:238:16)
        at done (C:\Users\moamm\OneDrive\Desktop\Test\task-tracker\node_modules\raw-body\index.js:227:7)
        at IncomingMessage.onEnd (C:\Users\moamm\OneDrive\Desktop\Test\task-tracker\node_modules\raw-body\index.js:287:7)
        at IncomingMessage.emit (node:events:519:28)
        at endReadableNT (node:internal/streams/readable:1698:12)
        at processTicksAndRejections (node:internal/process/task_queues:90:21)

    [0m [90m 528 |[39m     [36mconst[39m statusCode [33m=[39m err[33m.[39mstatusCode [33m||[39m [35m500[39m[33m;[39m
     [90m 529 |[39m     [36mconst[39m message [33m=[39m err[33m.[39misOperational [33m?[39m err[33m.[39mmessage [33m:[39m [32m'Internal server error'[39m[33m;[39m
    [31m[1m>[22m[39m[90m 530 |[39m     [36mif[39m ([33m![39merr[33m.[39misOperational) console[33m.[39merror([32m'  Γ¥î Unhandled error:'[39m[33m,[39m err[33m.[39mstack [33m||[39m err[33m.[39mmessage)[33m;[39m
     [90m     |[39m                                     [31m[1m^[22m[39m
     [90m 531 |[39m     res[33m.[39mstatus(statusCode)[33m.[39mjson({ error[33m:[39m message[33m,[39m [33m...[39m(err[33m.[39mdetails [33m&&[39m { details[33m:[39m err[33m.[39mdetails }) })[33m;[39m
     [90m 532 |[39m })[33m;[39m
     [90m 533 |[39m[0m

      at error (server.js:530:37)
      at Layer.handle_error (node_modules/express/lib/router/layer.js:71:5)
      at trim_prefix (node_modules/express/lib/router/index.js:326:13)
      at node_modules/express/lib/router/index.js:286:9
      at Function.process_params (node_modules/express/lib/router/index.js:346:12)
      at next (node_modules/express/lib/router/index.js:280:10)
      at Layer.handle_error (node_modules/express/lib/router/layer.js:67:12)
      at trim_prefix (node_modules/express/lib/router/index.js:326:13)
      at node_modules/express/lib/router/index.js:286:9
      at param (node_modules/express/lib/router/index.js:365:14)
      at param (node_modules/express/lib/router/index.js:376:14)
      at Function.process_params (node_modules/express/lib/router/index.js:421:3)
      at next (node_modules/express/lib/router/index.js:280:10)
      at Layer.handle_error (node_modules/express/lib/router/layer.js:67:12)
      at trim_prefix (node_modules/express/lib/router/index.js:326:13)
      at node_modules/express/lib/router/index.js:286:9
      at Function.process_params (node_modules/express/lib/router/index.js:346:12)
      at next (node_modules/express/lib/router/index.js:280:10)
      at Layer.handle_error (node_modules/express/lib/router/layer.js:67:12)
      at trim_prefix (node_modules/express/lib/router/index.js:326:13)
      at node_modules/express/lib/router/index.js:286:9
      at Function.process_params (node_modules/express/lib/router/index.js:346:12)
      at next (node_modules/express/lib/router/index.js:280:10)
      at Layer.handle_error (node_modules/express/lib/router/layer.js:67:12)
      at trim_prefix (node_modules/express/lib/router/index.js:326:13)
      at node_modules/express/lib/router/index.js:286:9
      at Function.process_params (node_modules/express/lib/router/index.js:346:12)
      at next (node_modules/express/lib/router/index.js:280:10)
      at node_modules/body-parser/lib/read.js:130:7
      at invokeCallback (node_modules/raw-body/index.js:238:16)
      at done (node_modules/raw-body/index.js:227:7)
      at IncomingMessage.onEnd (node_modules/raw-body/index.js:287:7)

  console.log
      ΓÜá∩╕Å POST /api/goals ΓåÆ 400 (1ms)

      at ServerResponse.log (server.js:54:17)

node.exe : PASS tests/api.test.js
At line:1 char:1
+ & "C:\Program Files\nodejs/node.exe" 
"C:\Program Files\nodejs/node_mo ...
+ ~~~~~~~~~~~~~~~~~~~~~~~~~~~~~~~~~~~~~~
~~~~~~~~~~~~~~~~~~~~~~~~~~~~~~~
    + CategoryInfo          : NotSpecif 
   ied: (PASS tests/api.test.js:String  
  ) [], RemoteException
    + FullyQualifiedErrorId : NativeCom 
   mandError
 
  Goals API
    ΓêÜ POST /api/goals creates a new 
goal and returns 201 (190 ms)
    ΓêÜ POST /api/goals with empty 
title returns 400 (26 ms)
    ΓêÜ POST /api/goals with missing 
title returns 400 (15 ms)
    ΓêÜ GET /api/goals returns all 
goals (41 ms)
    ΓêÜ GET /api/goals/:id returns a 
single goal (26 ms)
    ΓêÜ GET /api/goals/:id with 
nonexistent id returns 404 (16 ms)
    ΓêÜ PUT /api/goals/:id updates a 
goal (37 ms)
    ΓêÜ PUT /api/goals/:id with 
nonexistent id returns 404 (13 ms)
    ΓêÜ DELETE /api/goals/:id removes 
the goal and returns 204 (45 ms)
    ΓêÜ DELETE /api/goals/:id with 
nonexistent id returns 404 (15 ms)
  Tasks API
    ΓêÜ POST /api/goals/:id/tasks 
creates a task under a goal (36 ms)
    ΓêÜ POST /api/goals/:id/tasks with 
empty title returns 400 (23 ms)
    ΓêÜ POST /api/goals/:id/tasks with 
nonexistent goal returns 404 (20 ms)
    ΓêÜ POST /api/goals/:id/tasks with 
tags, dueDate, subtasks (30 ms)
    ΓêÜ PUT /api/tasks/:id updates task 
fields (60 ms)
    ΓêÜ PUT /api/tasks/:id status to 
"done" sets completedAt (49 ms)
    ΓêÜ PUT /api/tasks/:id status from 
"done" back to "todo" clears 
completedAt (67 ms)
    ΓêÜ PUT /api/tasks/:id with invalid 
status returns 400 (35 ms)
    ΓêÜ PUT /api/tasks/:id with 
nonexistent id returns 404 (21 ms)
    ΓêÜ DELETE /api/tasks/:id removes 
the task (51 ms)
    ΓêÜ DELETE /api/tasks/:id with 
nonexistent id returns 404 (21 ms)
  Notes API
    ΓêÜ POST /api/notes creates a note 
and returns 201 (13 ms)
    ΓêÜ POST /api/notes with empty 
title returns 400 (9 ms)
    ΓêÜ GET /api/notes returns all 
notes (36 ms)
    ΓêÜ PUT /api/notes/:id updates a 
note (37 ms)
    ΓêÜ DELETE /api/notes/:id removes 
the note (62 ms)
    ΓêÜ DELETE /api/notes/:id with 
nonexistent id returns 404 (16 ms)
  Timer Sessions API
    ΓêÜ POST /api/timer-sessions 
creates a session (17 ms)
    ΓêÜ POST /api/timer-sessions with 
taskId increments task timeSpent (56 ms)
    ΓêÜ GET /api/timer-sessions returns 
all sessions (40 ms)
  Stats API
    ΓêÜ GET /api/stats returns expected 
fields with empty data (19 ms)
    ΓêÜ GET /api/stats reflects correct 
counts after creating data (73 ms)
    ΓêÜ GET /api/stats completion trend 
has 30 entries (14 ms)
  Export API
    ΓêÜ GET /api/export/json returns 
attachment with full data (38 ms)
    ΓêÜ GET /api/export/csv returns CSV 
with correct headers (41 ms)
    ΓêÜ GET /api/export/csv includes 
task data with goal name (46 ms)
  Error Handling
    ΓêÜ unknown API route returns 404 
with error message (14 ms)
    ΓêÜ invalid JSON body returns 400 
(56 ms)
    ΓêÜ validation errors include 
structured details (10 ms)

Test Suites: 1 passed, 1 total
Tests:       39 passed, 39 total
Snapshots:   0 total
Time:        2.505 s, estimated 3 s
Ran all test suites.
Force exiting Jest: Have you considered 
using `--detectOpenHandles` to detect 
async operations that kept running 
after all tests finished?
